ok - watcher-carried status append publishes the real home summary
ok - live watcher cadence bounds publication staleness without signals
ok - fleet snapshot remains a non-consumer of the ledger
ok - writer kill and replacement preserve an atomic JSON ledger
ok - best-effort publication logs and continues
Terminated: 15
Terminated: 15
ok - best-effort refresh bounds publication lock acquisition
Terminated: 15
ok - best-effort refresh bounds validation and publication
ok - best-effort refresh bounds state initialization
ok - best-effort refresh logs worker termination
ok - best-effort refresh bounds failure reporting fallback
ok - valid publication ignores an unavailable failure record
ok - publication completes on a home carrying accumulated status history
ok - producer bounds each per-task current-state read
ok - a stalled publication does not delay the watcher liveness beacon
ok - publication remains single-flight across watcher restart
ok - bootstrap scopes retained failures to the current publication
Terminated: 15
ok - failure records preserve refresh attempt ordering
ok - repeated publication failure is reported at session start until it clears

exit=0 elapsed_seconds=40
