FM_TEST_BEGIN 2026-09-02T01:25:19Z tests/fm-bearings-snapshot.test.sh family=snapshot-bearings expected_gate_skip=optional-binary
Terminated: 15             "$@" 2> "$error" | LC_ALL=C head -c "$((max_bytes + 1))" > "$output"
Terminated: 15             "$@" 2> "$error" | LC_ALL=C head -c "$((max_bytes + 1))" > "$output"
ok - remote ledgers collect concurrently under one budget, reuse aged cache, and cancel wedged collectors
ok - a mixed-version remote fallback is bounded before validation
ok - Domain Alpha structured state overrides a stale parent Phase 7 event
ok - GNU stat file reads select -c without BSD filesystem-report pollution
ok - parent activity evidence is bounded and disclosed
ok - Bearings excludes a status-only child decision
ok - a structured child captain hold reaches Captain's Call
ok - missing, invalid, unreadable, malformed, and timed-out homes stay explicit unknowns
ok - oversized summaries stay strict unknown in ledger and compatibility modes
ok - secondmate and per-home child counts are bounded, disclosed, and explicitly expandable
ok - parent decisions remain untrusted contradiction evidence
ok - parent evidence reconciliation distinguishes matching holds, blocks, and decisions
ok - nonprogressing child states are explicit and inconsistent terminal rows invalidate
ok - registry unavailability and bounded truncation remain explicit
ok - repeated snapshots keep the same current landed baseline and ignore prior reports
ok - default output is bounded, local-only, and marks omitted surfaces
ok - TOON and JSON are parity representations of the same model
ok - landed includes secondmate-managed merges alongside main-home merges
ok - default landed selection balances one dominant home with sparse homes
ok - landed selection refills capacity after sparse homes exhaust
ok - landed selection uses deterministic home order when homes exceed the cap
ok - landed selection preserves deterministic home and internal tie ordering
ok - landed selection handles no landed items
ok - --all-landed keeps the complete global landed output
ok - landed stays bounded with per-home + overall caps and omitted[] disclosure
ok - Bearings keeps a live blocker in structured live state and never converts it to Charted Next queue work
ok - action-free items (working/done/queued/landed) do not leak into Captain's Call
ok - main orphan in-flight stays out of Underway and is disclosed in omitted/gates
ok - main unstructured current is disclosed while structured siblings still project
ok - counterfactual meta clears main inventory warning and projects the live task
ok - mixed secondmate roles, partial state, and captain readiness project independently
ok - main and secondmate captain actionability use the same blocker readiness
ok - a completed scout with decision-like report prose is a pointer, not pending
ok - an authoritative captain hold surfaces end-to-end
ok - current report pointers surface
ok - superseded queued items are dropped by default and restored with --all-queued
ok - --include-prs is the only path that fetches, and it enriches correctly
ok - a partial GitHub failure degrades gracefully
ok - Perl fallback bounds stalled GitHub calls without coreutils timeout
ok - all fleet-sized sections are capped with counted opt-in expansion
ok - captain-held tasks of any kind reach Captain's Call, deferral is honored, and landed excludes answered calls
ok - live PR enrichment caps repositories with counted expansion
ok - per-repository open-PR caps are disclosed with an expansion knob
ok - projection and TOON rendering failures exit nonzero with diagnostics
FM_TEST_END 2026-09-02T01:27:13Z tests/fm-bearings-snapshot.test.sh exit=0 duration_ms=114473 gate_skip=false
FM_TEST_SUMMARY total=1 failed=0 skipped_gate=0 duration_ms=114539
FM_TEST_SUMMARY_FAMILY family=snapshot-bearings count=1 duration_ms=114473 failed=0
FM_TEST_SLOWEST rank=1 script=tests/fm-bearings-snapshot.test.sh duration_ms=114473
fm-test-run: wrote timing artifact: /Users/kunchen/.no-mistakes/evidence/01M1FSQTKPSNTWQY4Z70HT6AXJ/bearings-timing.json
