FM_TEST_BEGIN 2026-09-02T01:28:09Z tests/fm-home-summary-refresh.test.sh family=snapshot-bearings expected_gate_skip=optional-binary
ok - watcher-carried status append publishes the real home summary
ok - live watcher cadence bounds publication staleness without signals
ok - fleet snapshot consumes the published local ledger by default
ok - writer kill and replacement preserve an atomic JSON ledger
ok - best-effort publication logs and continues
Terminated: 15             sleep 0.1
Terminated: 15             sleep 0.1
ok - best-effort refresh bounds publication lock acquisition
Terminated: 15             jq -e --arg home "$FM_HOME" '
    .schema == "fm-secondmate-home-summary.v1"
    and .home == $home
    and (.generated | type) == "string"
    and (.generated | length) > 0
    and (.generated_epoch | type) == "number"
    and .generated_epoch >= 0
    and (.generated_epoch | floor) == .generated_epoch
    and (.valid | type) == "boolean"
    and (.state | type) == "string"
    and (.invalidity | type) == "object"
    and (.active_children | type) == "array"
    and (.decisions_open | type) == "array"
    and (.holds | type) == "array"
    and (.queued | type) == "array"
    and (.landed | type) == "array"
    and (.endpoints | type) == "array"
    and (.counts | type) == "object"
    and (.omitted | type) == "array"
  ' "$HOME_SUMMARY_TMP" > /dev/null 2>&1
ok - best-effort refresh bounds validation and publication
ok - best-effort refresh bounds state initialization
ok - best-effort refresh logs worker termination
ok - best-effort refresh bounds failure reporting fallback
ok - valid publication ignores an unavailable failure record
ok - publication completes on a home carrying accumulated status history
ok - producer bounds each per-task current-state read
ok - a stalled publication does not delay the watcher liveness beacon
ok - publication remains single-flight across watcher restart
ok - bootstrap scopes retained failures to the current publication
Terminated: 15             sleep 0.1
ok - failure records preserve refresh attempt ordering
ok - repeated publication failure is reported at session start until it clears
FM_TEST_END 2026-09-02T01:28:46Z tests/fm-home-summary-refresh.test.sh exit=0 duration_ms=37111 gate_skip=false
FM_TEST_SUMMARY total=1 failed=0 skipped_gate=0 duration_ms=37174
FM_TEST_SUMMARY_FAMILY family=snapshot-bearings count=1 duration_ms=37111 failed=0
FM_TEST_SLOWEST rank=1 script=tests/fm-home-summary-refresh.test.sh duration_ms=37111
fm-test-run: wrote timing artifact: /Users/kunchen/.no-mistakes/evidence/01M1FSQTKPSNTWQY4Z70HT6AXJ/home-summary-timing.json
