ok - branch prompt is byte-stable across homes, cwd, timezone, and time, above the cache floor
ok - outcome store is append-only and refuses sequence reuse after a torn tail
ok - only routine fleet outcomes can be silent
ok - startup replay cannot advance the cursor across an unrendered captain outcome
ok - malformed and ahead-of-store cursor state fail closed before any outcome can be skipped
ok - cursor advancement refuses to legitimize an ahead processed marker
ok - middle sequence conflicts fail closed for every store read and append
ok - outcome stores require terminated single-line JSON records
ok - the processed marker is sequence-bound, never ahead of the read cursor, never backwards, and migrates delivered history once
ok - lease exclusivity, same-actor refresh, release, staleness, and sweep hold
ok - fm-control and fm-teardown refuse the other actor's live lease and pass through otherwise
ok - PR merge, local landing, and new-task spawn refuse the branch actor and spare main
ok - a non-Pi home ignores stale Pi leases even when the recycled pid owns its lock
ok - lease liveness requires an exact valid session-lock pid
ok - concurrent stale-lease claims serialize so exactly one actor succeeds
ok - guard stale cleanup cannot race with or delete a newer lease claim
ok - lease guard excludes a concurrent actor for the complete mutation
ok - a claim naming the other actor fails loudly instead of silently impersonating it
ok - release commands authorize the caller and bulk release drops only that actor's leases
ok - the branch cannot force a teardown or bypass fm-control for a relaunch
ok - the away-posture record relocates the PR merge and a spawn under the spend cap to the branch, never local landing, and only while confirmed and valid
ok - relocated branch spawn admits only already-queued dispatchable work, including on a manual-backend home
ok - the away spend cap is rechecked under the task-set lock so concurrent spawns cannot both publish
