ok - an abandoned same-process lock hold is reclaimed; a parent's live hold is not
ok - foreign secondmate queue stalls notify once, remain byte-stable, and stay quiet when empty or healthy
ok - secondmate stall markers reject symlinks without touching their targets
ok - stall publication acknowledgement closes the pre-marker crash window
ok - empty prefix mate cleanup preserves another mate's stall receipt
ok - self-announced appends suppress only their own bytes and fail toward waking
ok - historical annotations replay nothing already announced and keep everything new
WAKE_ACK_REQUIRED: after handling completes run bin/fm-wake-drain.sh --ack-through 26 --recovery-generation 32941.1787477349.5PKXZJ
ok - concurrent append plus drain preserves durable records through acknowledgement
ok - signal written while no watcher runs is caught on next run
WAKE_ACK_REQUIRED: after handling completes run bin/fm-wake-drain.sh --ack-through 1 --recovery-generation 57907.1787477359.qqKOHF
●━━━━━━━━━━━━━━━━━━━━━━━━━━━━━━━━━━━━━━━━━━━━━━━━━━━━━━━━━━━━━━━━━━━━━━━
●  WATCHER DOWN - SUPERVISION IS OFF
●  1 task(s) in flight, but no live watcher process holds this home lock (last beat: 1s ago).
●  Trust the emitted supervision protocol for this harness; do not use shell & for watcher repair.
●  This is a supervision warning only; the guarded operation WILL still run.
●  After draining queued wakes, repair a missing or failed watcher cycle with the Pi tool fm_watch_arm_pi, or restart Pi with -e /var/folders/0k/bf8mwt2n5qddzk24r20gfk0c0000gn/T//fm-wake-tangle-root.4W9zX7/.pi/extensions/fm-primary-turnend-guard.ts -e /var/folders/0k/bf8mwt2n5qddzk24r20gfk0c0000gn/T//fm-wake-tangle-root.4W9zX7/.pi/extensions/fm-primary-pi-watch.ts if the extensions are not loaded.
●━━━━━━━━━━━━━━━━━━━━━━━━━━━━━━━━━━━━━━━━━━━━━━━━━━━━━━━━━━━━━━━━━━━━━━━
WARNING: queued wakes pending - drain them with bin/fm-wake-drain.sh before anything else.
ok - stale wake is queued before suppressor state is advanced
WAKE_ACK_REQUIRED: after handling completes run bin/fm-wake-drain.sh --ack-through 1 --recovery-generation 61726.1787477360.NKNTu0
●━━━━━━━━━━━━━━━━━━━━━━━━━━━━━━━━━━━━━━━━━━━━━━━━━━━━━━━━━━━━━━━━━━━━━━━
●  WATCHER DOWN - SUPERVISION IS OFF
●  1 task(s) in flight, but no live watcher process holds this home lock (last beat: 2s ago).
●  Trust the emitted supervision protocol for this harness; do not use shell & for watcher repair.
●  This is a supervision warning only; the guarded operation WILL still run.
●  After draining queued wakes, repair a missing or failed watcher cycle with the Pi tool fm_watch_arm_pi, or restart Pi with -e /var/folders/0k/bf8mwt2n5qddzk24r20gfk0c0000gn/T//fm-wake-tangle-root.4W9zX7/.pi/extensions/fm-primary-turnend-guard.ts -e /var/folders/0k/bf8mwt2n5qddzk24r20gfk0c0000gn/T//fm-wake-tangle-root.4W9zX7/.pi/extensions/fm-primary-pi-watch.ts if the extensions are not loaded.
●━━━━━━━━━━━━━━━━━━━━━━━━━━━━━━━━━━━━━━━━━━━━━━━━━━━━━━━━━━━━━━━━━━━━━━━
WARNING: queued wakes pending - drain them with bin/fm-wake-drain.sh before anything else.
ok - a not-provably-working stale wake is queued before its suppressor is advanced
WAKE_ACK_REQUIRED: after handling completes run bin/fm-wake-drain.sh --ack-through 1 --recovery-generation 65206.1787477362.3sYnER
ok - registered custom check output is queued before cadence suppression
ok - concurrent drains replay until one post-handling acknowledgement consumes records
WAKE_ACK_REQUIRED: after handling completes run bin/fm-wake-drain.sh --ack-through 4 --recovery-generation 68299.1787477363.Eox0NH
ok - drain collapses obvious duplicate heartbeat and signal records
ok - drain asserts watcher liveness: warns on a lapse, stays silent for a live watcher with a fresh beacon
WAKE_ACK_REQUIRED: after handling completes run bin/fm-wake-drain.sh --ack-through 8 --recovery-generation 70695.1787477364.gT1OLE
ok - structural signal enrichment is separate, deduped, home-local, and tier-zero for other wakes
WAKE_ACK_REQUIRED: after handling completes run bin/fm-wake-drain.sh --ack-through 13 --recovery-generation 73999.1787477365.2MaVVJ
ok - every readable unread status line is annotated in full while invalid status files preserve their raw wakes
WAKE_ACK_REQUIRED: after handling completes run bin/fm-wake-drain.sh --ack-through 1 --recovery-generation 78590.1787477367.zCheTR
WAKE_ACK_REQUIRED: after handling completes run bin/fm-wake-drain.sh --ack-through 2 --recovery-generation 78590.1787477367.zCheTR
ok - slow annotation releases the append lock and a deleted status file fails open
WAKE_ACK_REQUIRED: after handling completes run bin/fm-wake-drain.sh --ack-through 1 --recovery-generation existing
ok - wake append publishes atomic recovery evidence before durable rows
ok - wake drain: generation-less legacy wakes are adopted and acknowledged
ok - wake drain: a stale acknowledgement cannot retire or consume a newer recovery episode
ok - wake drain: recovery acknowledgement failures are explicit and retryable
WAKE_ACK_REQUIRED: after handling completes run bin/fm-wake-drain.sh --ack-through 2 --recovery-generation 4812.1787477380.csahbU
ok - interruptions preserve durable rows until post-handling acknowledgement
